分类: 📺央视频道, 名称: CCTV-1, 有效: 6, IPv4: 49, IPv6: 0, 最小延迟: 514 ms, 最高速率: 8.18 M/s, 平均速率: 2.66 M/s, 最高分辨率: 1920x1080, 平均帧率: 29.17, 视频编解码器: h264, 音频编解码器: aac
分类: 📺央视频道, 名称: CCTV-2, 有效: 10, IPv4: 47, IPv6: 0, 最小延迟: 423 ms, 最高速率: 5.65 M/s, 平均速率: 1.92 M/s, 最高分辨率: 1920x1080, 平均帧率: 30.00, 视频编解码器: h264, 音频编解码器: aac
分类: 📺央视频道, 名称: CCTV-3, 有效: 6, IPv4: 44, IPv6: 0, 最小延迟: 1004 ms, 最高速率: 3.05 M/s, 平均速率: 1.27 M/s, 最高分辨率: 1920x1080, 平均帧率: 25.00, 视频编解码器: h264, 音频编解码器: aac
分类: 📺央视频道, 名称: CCTV-4, 有效: 5, IPv4: 52, IPv6: 0, 最小延迟: 361 ms, 最高速率: 4.80 M/s, 平均速率: 2.17 M/s, 最高分辨率: 1920x1080, 平均帧率: 25.00, 视频编解码器: h264, 音频编解码器: aac
分类: 📺央视频道, 名称: CCTV-5, 有效: 9, IPv4: 47, IPv6: 0, 最小延迟: 378 ms, 最高速率: 7.05 M/s, 平均速率: 2.21 M/s, 最高分辨率: 1920x1080, 平均帧率: 未知, 视频编解码器: 未知, 音频编解码器: 未知
分类: 📺央视频道, 名称: CCTV-5+, 有效: 2, IPv4: 26, IPv6: 0, 最小延迟: 276 ms, 最高速率: 2.57 M/s, 平均速率: 2.10 M/s, 最高分辨率: 1920x1080, 平均帧率: 25.00, 视频编解码器: h264, 音频编解码器: aac
分类: 📺央视频道, 名称: CCTV-6, 有效: 7, IPv4: 42, IPv6: 0, 最小延迟: 61 ms, 最高速率: 88.80 M/s, 平均速率: 13.44 M/s, 最高分辨率: 1920x1080, 平均帧率: 25.00, 视频编解码器: h264, 音频编解码器: aac
分类: 📺央视频道, 名称: CCTV-7, 有效: 6, IPv4: 37, IPv6: 0, 最小延迟: 545 ms, 最高速率: 8.05 M/s, 平均速率: 1.82 M/s, 最高分辨率: 1920x1080, 平均帧率: 25.00, 视频编解码器: h264, 音频编解码器: aac
分类: 📺央视频道, 名称: CCTV-8, 有效: 6, IPv4: 44, IPv6: 0, 最小延迟: 270 ms, 最高速率: 3.81 M/s, 平均速率: 1.62 M/s, 最高分辨率: 1920x1080, 平均帧率: 33.57, 视频编解码器: h264, 音频编解码器: aac
分类: 📺央视频道, 名称: CCTV-9, 有效: 8, IPv4: 43, IPv6: 0, 最小延迟: 43 ms, 最高速率: 107.42 M/s, 平均速率: 38.01 M/s, 最高分辨率: 1920x1080, 平均帧率: 29.17, 视频编解码器: h264, 音频编解码器: aac
分类: 📺央视频道, 名称: CCTV-10, 有效: 9, IPv4: 44, IPv6: 0, 最小延迟: 55 ms, 最高速率: 101.82 M/s, 平均速率: 13.43 M/s, 最高分辨率: 1920x1080, 平均帧率: 31.25, 视频编解码器: h264, 音频编解码器: aac
分类: 📺央视频道, 名称: CCTV-11, 有效: 5, IPv4: 37, IPv6: 0, 最小延迟: 384 ms, 最高速率: 5.47 M/s, 平均速率: 2.48 M/s, 最高分辨率: 1920x1080, 平均帧率: 33.33, 视频编解码器: h264, 音频编解码器: aac
分类: 📺央视频道, 名称: CCTV-12, 有效: 10, IPv4: 38, IPv6: 0, 最小延迟: 64 ms, 最高速率: 83.69 M/s, 平均速率: 10.83 M/s, 最高分辨率: 1920x1080, 平均帧率: 50.00, 视频编解码器: h264, 音频编解码器: mp2
分类: 📺央视频道, 名称: CCTV-13, 有效: 7, IPv4: 37, IPv6: 0, 最小延迟: 44 ms, 最高速率: 105.09 M/s, 平均速率: 16.90 M/s, 最高分辨率: 1920x1080, 平均帧率: 25.00, 视频编解码器: h264, 音频编解码器: aac
分类: 📺央视频道, 名称: CCTV-14, 有效: 9, IPv4: 43, IPv6: 0, 最小延迟: 42 ms, 最高速率: 124.84 M/s, 平均速率: 50.70 M/s, 最高分辨率: 1920x1080, 平均帧率: 37.50, 视频编解码器: h264, 音频编解码器: aac
分类: 📺央视频道, 名称: CCTV-15, 有效: 8, IPv4: 41, IPv6: 0, 最小延迟: 42 ms, 最高速率: 123.68 M/s, 平均速率: 18.31 M/s, 最高分辨率: 1920x1080, 平均帧率: 50.00, 视频编解码器: h264, 音频编解码器: mp2
分类: 📺央视频道, 名称: CCTV-16, 有效: 6, IPv4: 21, IPv6: 0, 最小延迟: 40 ms, 最高速率: 126.85 M/s, 平均速率: 62.31 M/s, 最高分辨率: 1920x1080, 平均帧率: 50.00, 视频编解码器: h264, 音频编解码器: mp2
分类: 📺央视频道, 名称: CCTV-17, 有效: 6, IPv4: 30, IPv6: 0, 最小延迟: 48 ms, 最高速率: 111.62 M/s, 平均速率: 33.78 M/s, 最高分辨率: 1920x1080, 平均帧率: 25.00, 视频编解码器: h264, 音频编解码器: mp2
分类: 📡卫视频道, 名称: 香港卫视, 有效: 1, IPv4: 6, IPv6: 0, 最小延迟: 10077 ms, 最高速率: 0.64 M/s, 平均速率: 0.64 M/s, 最高分辨率: 1280x720, 平均帧率: 未知, 视频编解码器: 未知, 音频编解码器: 未知
分类: 📡卫视频道, 名称: 广东卫视, 有效: 7, IPv4: 36, IPv6: 0, 最小延迟: 46 ms, 最高速率: 101.51 M/s, 平均速率: 27.72 M/s, 最高分辨率: 1920x1080, 平均帧率: 未知, 视频编解码器: 未知, 音频编解码器: 未知
分类: 📡卫视频道, 名称: 浙江卫视, 有效: 3, IPv4: 34, IPv6: 0, 最小延迟: 511 ms, 最高速率: 8.87 M/s, 平均速率: 5.85 M/s, 最高分辨率: 1920x1080, 平均帧率: 28.57, 视频编解码器: h264, 音频编解码器: aac
分类: 📡卫视频道, 名称: 湖南卫视, 有效: 8, IPv4: 40, IPv6: 0, 最小延迟: 79 ms, 最高速率: 28.51 M/s, 平均速率: 6.21 M/s, 最高分辨率: 3840x2160, 平均帧率: 31.25, 视频编解码器: h264, 音频编解码器: aac
分类: 📡卫视频道, 名称: 北京卫视, 有效: 5, IPv4: 35, IPv6: 0, 最小延迟: 54 ms, 最高速率: 96.01 M/s, 平均速率: 33.49 M/s, 最高分辨率: 1920x1080, 平均帧率: 25.00, 视频编解码器: h264, 音频编解码器: aac
分类: 📡卫视频道, 名称: 湖北卫视, 有效: 8, IPv4: 37, IPv6: 0, 最小延迟: 39 ms, 最高速率: 129.55 M/s, 平均速率: 72.55 M/s, 最高分辨率: 1920x1080, 平均帧率: 25.00, 视频编解码器: h264, 音频编解码器: aac
分类: 📡卫视频道, 名称: 黑龙江卫视, 有效: 5, IPv4: 29, IPv6: 0, 最小延迟: 44 ms, 最高速率: 117.76 M/s, 平均速率: 44.88 M/s, 最高分辨率: 1920x1080, 平均帧率: 25.00, 视频编解码器: h264, 音频编解码器: aac
分类: 📡卫视频道, 名称: 安徽卫视, 有效: 8, IPv4: 37, IPv6: 0, 最小延迟: 50 ms, 最高速率: 99.54 M/s, 平均速率: 54.03 M/s, 最高分辨率: 1920x1080, 平均帧率: 25.00, 视频编解码器: h264, 音频编解码器: aac
分类: 📡卫视频道, 名称: 重庆卫视, 有效: 4, IPv4: 33, IPv6: 0, 最小延迟: 500 ms, 最高速率: 8.86 M/s, 平均速率: 6.47 M/s, 最高分辨率: 1920x1080, 平均帧率: 未知, 视频编解码器: 未知, 音频编解码器: 未知
分类: 📡卫视频道, 名称: 东方卫视, 有效: 8, IPv4: 36, IPv6: 0, 最小延迟: 63 ms, 最高速率: 77.50 M/s, 平均速率: 18.10 M/s, 最高分辨率: 1920x1080, 平均帧率: 50.00, 视频编解码器: h264, 音频编解码器: mp2
分类: 📡卫视频道, 名称: 东南卫视, 有效: 3, IPv4: 21, IPv6: 0, 最小延迟: 82 ms, 最高速率: 67.69 M/s, 平均速率: 23.94 M/s, 最高分辨率: 1920x1080, 平均帧率: 未知, 视频编解码器: 未知, 音频编解码器: 未知
分类: 📡卫视频道, 名称: 甘肃卫视, 有效: 3, IPv4: 19, IPv6: 0, 最小延迟: 53 ms, 最高速率: 100.60 M/s, 平均速率: 37.97 M/s, 最高分辨率: 1920x1080, 平均帧率: 50.00, 视频编解码器: h264, 音频编解码器: mp2
分类: 📡卫视频道, 名称: 广西卫视, 有效: 3, IPv4: 27, IPv6: 0, 最小延迟: 51 ms, 最高速率: 102.81 M/s, 平均速率: 36.69 M/s, 最高分辨率: 1920x1080, 平均帧率: 25.00, 视频编解码器: h264, 音频编解码器: aac
分类: 📡卫视频道, 名称: 贵州卫视, 有效: 9, IPv4: 32, IPv6: 0, 最小延迟: 46 ms, 最高速率: 104.09 M/s, 平均速率: 31.72 M/s, 最高分辨率: 1920x1080, 平均帧率: 50.00, 视频编解码器: h264, 音频编解码器: mp2
分类: 📡卫视频道, 名称: 海南卫视, 有效: 3, IPv4: 18, IPv6: 0, 最小延迟: 64 ms, 最高速率: 76.88 M/s, 平均速率: 26.03 M/s, 最高分辨率: 1920x1080, 平均帧率: 未知, 视频编解码器: 未知, 音频编解码器: 未知
分类: 📡卫视频道, 名称: 河北卫视, 有效: 4, IPv4: 25, IPv6: 0, 最小延迟: 52 ms, 最高速率: 104.89 M/s, 平均速率: 27.10 M/s, 最高分辨率: 1920x1080, 平均帧率: 25.00, 视频编解码器: h264, 音频编解码器: aac
分类: 📡卫视频道, 名称: 河南卫视, 有效: 4, IPv4: 34, IPv6: 0, 最小延迟: 50 ms, 最高速率: 114.34 M/s, 平均速率: 29.96 M/s, 最高分辨率: 1920x1080, 平均帧率: 37.50, 视频编解码器: h264, 音频编解码器: aac
分类: 📡卫视频道, 名称: 江苏卫视, 有效: 10, IPv4: 38, IPv6: 0, 最小延迟: 41 ms, 最高速率: 112.60 M/s, 平均速率: 45.70 M/s, 最高分辨率: 1920x1080, 平均帧率: 未知, 视频编解码器: 未知, 音频编解码器: 未知
分类: 📡卫视频道, 名称: 吉林卫视, 有效: 3, IPv4: 24, IPv6: 0, 最小延迟: 55 ms, 最高速率: 95.79 M/s, 平均速率: 36.68 M/s, 最高分辨率: 1920x1080, 平均帧率: 25.00, 视频编解码器: h264, 音频编解码器: aac
分类: 📡卫视频道, 名称: 辽宁卫视, 有效: 10, IPv4: 36, IPv6: 0, 最小延迟: 50 ms, 最高速率: 110.12 M/s, 平均速率: 51.61 M/s, 最高分辨率: 1920x1080, 平均帧率: 25.00, 视频编解码器: h264, 音频编解码器: aac
分类: 📡卫视频道, 名称: 江西卫视, 有效: 9, IPv4: 37, IPv6: 0, 最小延迟: 49 ms, 最高速率: 110.37 M/s, 平均速率: 41.88 M/s, 最高分辨率: 1920x1080, 平均帧率: 31.25, 视频编解码器: h264, 音频编解码器: aac
分类: 📡卫视频道, 名称: 大湾区卫视, 有效: 4, IPv4: 10, IPv6: 0, 最小延迟: 802 ms, 最高速率: 6.39 M/s, 平均速率: 4.52 M/s, 最高分辨率: 1920x1080, 平均帧率: 未知, 视频编解码器: 未知, 音频编解码器: 未知
分类: 📡卫视频道, 名称: 内蒙古卫视, 有效: 7, IPv4: 19, IPv6: 0, 最小延迟: 41 ms, 最高速率: 125.42 M/s, 平均速率: 53.58 M/s, 最高分辨率: 1920x1080, 平均帧率: 未知, 视频编解码器: 未知, 音频编解码器: 未知
分类: 📡卫视频道, 名称: 宁夏卫视, 有效: 7, IPv4: 26, IPv6: 0, 最小延迟: 38 ms, 最高速率: 129.07 M/s, 平均速率: 74.88 M/s, 最高分辨率: 1920x1080, 平均帧率: 未知, 视频编解码器: 未知, 音频编解码器: 未知
分类: 📡卫视频道, 名称: 青海卫视, 有效: 3, IPv4: 20, IPv6: 0, 最小延迟: 61 ms, 最高速率: 88.00 M/s, 平均速率: 31.67 M/s, 最高分辨率: 1920x1080, 平均帧率: 未知, 视频编解码器: 未知, 音频编解码器: 未知
分类: 📡卫视频道, 名称: 山东卫视, 有效: 6, IPv4: 29, IPv6: 0, 最小延迟: 40 ms, 最高速率: 133.63 M/s, 平均速率: 48.51 M/s, 最高分辨率: 1920x1080, 平均帧率: 25.00, 视频编解码器: h264, 音频编解码器: mp2
分类: 📡卫视频道, 名称: 山西卫视, 有效: 7, IPv4: 31, IPv6: 0, 最小延迟: 44 ms, 最高速率: 91.06 M/s, 平均速率: 55.13 M/s, 最高分辨率: 1920x1080, 平均帧率: 25.00, 视频编解码器: h264, 音频编解码器: aac
分类: 📡卫视频道, 名称: 陕西卫视, 有效: 6, IPv4: 31, IPv6: 0, 最小延迟: 48 ms, 最高速率: 106.84 M/s, 平均速率: 39.75 M/s, 最高分辨率: 1920x1080, 平均帧率: 25.00, 视频编解码器: h264, 音频编解码器: aac
分类: 📡卫视频道, 名称: 四川卫视, 有效: 5, IPv4: 41, IPv6: 0, 最小延迟: 53 ms, 最高速率: 99.37 M/s, 平均速率: 48.06 M/s, 最高分辨率: 3840x2160, 平均帧率: 25.00, 视频编解码器: h264, 音频编解码器: aac
分类: 📡卫视频道, 名称: 三沙卫视, 有效: 1, IPv4: 11, IPv6: 0, 最小延迟: 1004 ms, 最高速率: 2.27 M/s, 平均速率: 2.27 M/s, 最高分辨率: 1920x1080, 平均帧率: 25.00, 视频编解码器: h264, 音频编解码器: mp2
分类: 📡卫视频道, 名称: 深圳卫视, 有效: 6, IPv4: 27, IPv6: 0, 最小延迟: 554 ms, 最高速率: 6.95 M/s, 平均速率: 1.74 M/s, 最高分辨率: 1920x1080, 平均帧率: 50.00, 视频编解码器: h264, 音频编解码器: mp2
分类: 📡卫视频道, 名称: 天津卫视, 有效: 6, IPv4: 28, IPv6: 0, 最小延迟: 47 ms, 最高速率: 109.73 M/s, 平均速率: 51.75 M/s, 最高分辨率: 1920x1080, 平均帧率: 37.50, 视频编解码器: h264, 音频编解码器: mp2
分类: 📡卫视频道, 名称: 西藏卫视, 有效: 6, IPv4: 19, IPv6: 0, 最小延迟: 46 ms, 最高速率: 103.80 M/s, 平均速率: 45.10 M/s, 最高分辨率: 1920x1080, 平均帧率: 25.00, 视频编解码器: mpeg2video, 音频编解码器: mp2
分类: 📡卫视频道, 名称: 新疆卫视, 有效: 6, IPv4: 23, IPv6: 0, 最小延迟: 64 ms, 最高速率: 83.34 M/s, 平均速率: 51.60 M/s, 最高分辨率: 1920x1080, 平均帧率: 25.00, 视频编解码器: h264, 音频编解码器: aac
分类: 📡卫视频道, 名称: 云南卫视, 有效: 4, IPv4: 26, IPv6: 0, 最小延迟: 79 ms, 最高速率: 69.07 M/s, 平均速率: 19.52 M/s, 最高分辨率: 1920x1080, 平均帧率: 37.50, 视频编解码器: h264, 音频编解码器: aac
